((_handle, _object, _with) => ({ ..._object, x: _with }))