function _() {return else(_handle, () => function _() {return 1;}());}()