(() => {return ((_handle, _object, _mixin) => { ..._object, x: _mixin });})()