const one = (() => {const a = new _Int(1);a;return a;})();one