function _() {
  const const = function _(_handle, x, y) {
    x = x();
    y = y();
    return x;
  };
  return const;
}()