function _() {
  const id = function _(_handle, x) {
    x = x();
    return x;
  };
  return id;
}()