(function (x, _cont) {_cont = _cont();return _cont(() => x);})