(() => {return ((1._dot(_o => _o.x))._dot(_o => _o.y));})()