const f = (function (_handle) {return new Int(1);});f